// Jest Snapshot v1, https://goo.gl/fbAQLP

exports[`Footer renders correctly 1`] = `
<section
  className="section footer false"
>
  <div
    className="content"
  >
    <p
      className="p null"
    >
      A Crafted Experience by Zane Milakovic Â© 2017
    </p>
  </div>
</section>
`;
