// Jest Snapshot v1, https://goo.gl/fbAQLP

exports[`P renders correctly 1`] = `
<p
  className="p large-font"
>
  Test to Render
</p>
`;
